------------------------------------------------------------
TimeQuest Timing Analyzer Summary
------------------------------------------------------------

Type  : Slow 1100mV 85C Model Setup 'clk'
Slack : 0.053
TNS   : 0.000

Type  : Slow 1100mV 85C Model Hold 'clk'
Slack : 0.256
TNS   : 0.000

Type  : Slow 1100mV 85C Model Minimum Pulse Width 'clk'
Slack : -0.538
TNS   : -8.685

Type  : Slow 1100mV 0C Model Setup 'clk'
Slack : 0.061
TNS   : 0.000

Type  : Slow 1100mV 0C Model Hold 'clk'
Slack : 0.236
TNS   : 0.000

Type  : Slow 1100mV 0C Model Minimum Pulse Width 'clk'
Slack : -0.538
TNS   : -9.090

Type  : Fast 1100mV 85C Model Setup 'clk'
Slack : 0.480
TNS   : 0.000

Type  : Fast 1100mV 85C Model Hold 'clk'
Slack : 0.130
TNS   : 0.000

Type  : Fast 1100mV 85C Model Minimum Pulse Width 'clk'
Slack : -0.074
TNS   : -0.806

Type  : Fast 1100mV 0C Model Setup 'clk'
Slack : 0.504
TNS   : 0.000

Type  : Fast 1100mV 0C Model Hold 'clk'
Slack : 0.119
TNS   : 0.000

Type  : Fast 1100mV 0C Model Minimum Pulse Width 'clk'
Slack : -0.075
TNS   : -0.817

------------------------------------------------------------
